
Z:\bsu\networks\labs\1.1>hostname
IE11Win7

Z:\bsu\networks\labs\1.1>ipconfig /all 

Windows IP Configuration

   Host Name . . . . . . . . . . . . : IE11Win7
   Primary Dns Suffix  . . . . . . . : 
   Node Type . . . . . . . . . . . . : Hybrid
   IP Routing Enabled. . . . . . . . : No
   WINS Proxy Enabled. . . . . . . . : No

Ethernet adapter Local Area Connection 2:

   Connection-specific DNS Suffix  . : 
   Description . . . . . . . . . . . : Intel(R) PRO/1000 MT Desktop Adapter
   Physical Address. . . . . . . . . : 08-00-27-41-B9-55
   DHCP Enabled. . . . . . . . . . . : Yes
   Autoconfiguration Enabled . . . . : Yes
   Link-local IPv6 Address . . . . . : fe80::1cf7:8f89:89a4:1bbd%13(Preferred) 
   IPv4 Address. . . . . . . . . . . : 10.0.2.15(Preferred) 
   Subnet Mask . . . . . . . . . . . : 255.255.255.0
   Lease Obtained. . . . . . . . . . : Wednesday, April 19, 2017 9:37:01 AM
   Lease Expires . . . . . . . . . . : Thursday, April 20, 2017 9:37:00 AM
   Default Gateway . . . . . . . . . : 10.0.2.2
   DHCP Server . . . . . . . . . . . : 10.0.2.2
   DHCPv6 IAID . . . . . . . . . . . : 268959783
   DHCPv6 Client DUID. . . . . . . . : 00-01-00-01-19-F9-AF-00-00-15-5D-E6-C5-E3
   DNS Servers . . . . . . . . . . . : 192.168.100.1
   NetBIOS over Tcpip. . . . . . . . : Enabled

Tunnel adapter isatap.{A2692622-D935-45DD-BC6A-0FEA4F88524C}:

   Media State . . . . . . . . . . . : Media disconnected
   Connection-specific DNS Suffix  . : 
   Description . . . . . . . . . . . : Microsoft ISATAP Adapter
   Physical Address. . . . . . . . . : 00-00-00-00-00-00-00-E0
   DHCP Enabled. . . . . . . . . . . : No
   Autoconfiguration Enabled . . . . : Yes

Tunnel adapter Teredo Tunneling Pseudo-Interface:

   Connection-specific DNS Suffix  . : 
   Description . . . . . . . . . . . : Teredo Tunneling Pseudo-Interface
   Physical Address. . . . . . . . . : 00-00-00-00-00-00-00-E0
   DHCP Enabled. . . . . . . . . . . : No
   Autoconfiguration Enabled . . . . : Yes
   IPv6 Address. . . . . . . . . . . : 2001:0:9d38:953c:28db:e03:dad3:97ff(Preferred) 
   Link-local IPv6 Address . . . . . : fe80::28db:e03:dad3:97ff%14(Preferred) 
   Default Gateway . . . . . . . . . : ::
   NetBIOS over Tcpip. . . . . . . . : Disabled

Z:\bsu\networks\labs\1.1>nslookup vk.com 
Server:  192.168.100.1
Address:  192.168.100.1

Name:    vk.com
Addresses:  87.240.165.82
	  95.213.11.180


Z:\bsu\networks\labs\1.1>ping -i 20 87.240.165.82 

Pinging 87.240.165.82 with 32 bytes of data:
Reply from 87.240.165.82: bytes=32 time=30ms TTL=19
Reply from 87.240.165.82: bytes=32 time=31ms TTL=19
Reply from 87.240.165.82: bytes=32 time=32ms TTL=19
Reply from 87.240.165.82: bytes=32 time=30ms TTL=19

Ping statistics for 87.240.165.82:
    Packets: Sent = 4, Received = 4, Lost = 0 (0% loss),
Approximate round trip times in milli-seconds:
    Minimum = 30ms, Maximum = 32ms, Average = 30ms

Z:\bsu\networks\labs\1.1>ping -l 512 -n 10 -i 255 vk.com 

Pinging vk.com [87.240.165.82] with 512 bytes of data:
Reply from 87.240.165.82: bytes=512 time=37ms TTL=254
Reply from 87.240.165.82: bytes=512 time=39ms TTL=254
Reply from 87.240.165.82: bytes=512 time=38ms TTL=254
Reply from 87.240.165.82: bytes=512 time=39ms TTL=254
Reply from 87.240.165.82: bytes=512 time=38ms TTL=254
Reply from 87.240.165.82: bytes=512 time=41ms TTL=254
Reply from 87.240.165.82: bytes=512 time=38ms TTL=254
Reply from 87.240.165.82: bytes=512 time=39ms TTL=254
Reply from 87.240.165.82: bytes=512 time=40ms TTL=254
Reply from 87.240.165.82: bytes=512 time=37ms TTL=254

Ping statistics for 87.240.165.82:
    Packets: Sent = 10, Received = 10, Lost = 0 (0% loss),
Approximate round trip times in milli-seconds:
    Minimum = 37ms, Maximum = 41ms, Average = 38ms

Z:\bsu\networks\labs\1.1>ping ::1 

Pinging ::1 with 32 bytes of data:
Reply from ::1: time<1ms 
Reply from ::1: time<1ms 
Reply from ::1: time<1ms 
Reply from ::1: time<1ms 

Ping statistics for ::1:
    Packets: Sent = 4, Received = 4, Lost = 0 (0% loss),
Approximate round trip times in milli-seconds:
    Minimum = 0ms, Maximum = 0ms, Average = 0ms

Z:\bsu\networks\labs\1.1>ping 127.0.0.1 

Pinging 127.0.0.1 with 32 bytes of data:
Reply from 127.0.0.1: bytes=32 time<1ms TTL=128
Reply from 127.0.0.1: bytes=32 time<1ms TTL=128
Reply from 127.0.0.1: bytes=32 time<1ms TTL=128
Reply from 127.0.0.1: bytes=32 time<1ms TTL=128

Ping statistics for 127.0.0.1:
    Packets: Sent = 4, Received = 4, Lost = 0 (0% loss),
Approximate round trip times in milli-seconds:
    Minimum = 0ms, Maximum = 0ms, Average = 0ms

Z:\bsu\networks\labs\1.1>ping onliner.by 

Pinging onliner.by [178.124.129.16] with 32 bytes of data:
Request timed out.
Request timed out.
Request timed out.
Request timed out.

Ping statistics for 178.124.129.16:
    Packets: Sent = 4, Received = 0, Lost = 4 (100% loss),

Z:\bsu\networks\labs\1.1>ping ya.ru 

Pinging ya.ru [87.250.250.242] with 32 bytes of data:
Reply from 87.250.250.242: bytes=32 time=24ms TTL=127
Reply from 87.250.250.242: bytes=32 time=24ms TTL=127
Reply from 87.250.250.242: bytes=32 time=26ms TTL=127
Reply from 87.250.250.242: bytes=32 time=24ms TTL=127

Ping statistics for 87.250.250.242:
    Packets: Sent = 4, Received = 4, Lost = 0 (0% loss),
Approximate round trip times in milli-seconds:
    Minimum = 24ms, Maximum = 26ms, Average = 24ms

Z:\bsu\networks\labs\1.1>ping yandex.ru 

Pinging yandex.ru [5.255.255.5] with 32 bytes of data:
Reply from 5.255.255.5: bytes=32 time=17ms TTL=127
Reply from 5.255.255.5: bytes=32 time=18ms TTL=127
Reply from 5.255.255.5: bytes=32 time=20ms TTL=127
Reply from 5.255.255.5: bytes=32 time=18ms TTL=127

Ping statistics for 5.255.255.5:
    Packets: Sent = 4, Received = 4, Lost = 0 (0% loss),
Approximate round trip times in milli-seconds:
    Minimum = 17ms, Maximum = 20ms, Average = 18ms

Z:\bsu\networks\labs\1.1>nslookup ya.ru 
Server:  192.168.100.1
Address:  192.168.100.1

Name:    ya.ru
Addresses:  2a02:6b8::2:242
	  87.250.250.242


Z:\bsu\networks\labs\1.1>nslookup yandex.ru 
Server:  192.168.100.1
Address:  192.168.100.1

Name:    yandex.ru
Addresses:  2a02:6b8:a::a
	  5.255.255.5
	  5.255.255.88
	  77.88.55.77
	  77.88.55.88


Z:\bsu\networks\labs\1.1>tracert

Usage: tracert [-d] [-h maximum_hops] [-j host-list] [-w timeout] 
               [-R] [-S srcaddr] [-4] [-6] target_name

Options:
    -d                 Do not resolve addresses to hostnames.
    -h maximum_hops    Maximum number of hops to search for target.
    -j host-list       Loose source route along host-list (IPv4-only).
    -w timeout         Wait timeout milliseconds for each reply.
    -R                 Trace round-trip path (IPv6-only).
    -S srcaddr         Source address to use (IPv6-only).
    -4                 Force using IPv4.
    -6                 Force using IPv6.

Z:\bsu\networks\labs\1.1>tracert -d -h 10 vk.com 

Tracing route to vk.com [87.240.165.82]
over a maximum of 10 hops:

  1    <1 ms    <1 ms    <1 ms  10.0.2.2 
  2     3 ms     1 ms     4 ms  192.168.100.1 
  3     *        *        *     Request timed out.
  4     7 ms    11 ms     7 ms  93.84.80.210 
  5     9 ms     7 ms    10 ms  10.0.3.45 
  6    16 ms    12 ms     6 ms  93.85.80.45 
  7    13 ms    11 ms    12 ms  93.85.80.38 
  8     7 ms     7 ms     6 ms  93.85.80.74 
  9    31 ms    29 ms    30 ms  86.57.255.58 
 10    32 ms    31 ms    31 ms  87.240.191.247 

Trace complete.

Z:\bsu\networks\labs\1.1>arp -a 

Interface: 10.0.2.15 --- 0xd
  Internet Address      Physical Address      Type
  10.0.2.2              52-54-00-12-35-02     dynamic   
  10.0.2.255            ff-ff-ff-ff-ff-ff     static    
  224.0.0.22            01-00-5e-00-00-16     static    
  224.0.0.251           01-00-5e-00-00-fb     static    
  224.0.0.252           01-00-5e-00-00-fc     static    
  224.0.0.253           01-00-5e-00-00-fd     static    
  239.255.255.250       01-00-5e-7f-ff-fa     static    
  255.255.255.255       ff-ff-ff-ff-ff-ff     static    

Z:\bsu\networks\labs\1.1>netstat -a -p TCP 

Active Connections

  Proto  Local Address          Foreign Address        State
  TCP    0.0.0.0:135            IE11Win7:0             LISTENING
  TCP    0.0.0.0:445            IE11Win7:0             LISTENING
  TCP    0.0.0.0:554            IE11Win7:0             LISTENING
  TCP    0.0.0.0:2869           IE11Win7:0             LISTENING
  TCP    0.0.0.0:3389           IE11Win7:0             LISTENING
  TCP    0.0.0.0:5357           IE11Win7:0             LISTENING
  TCP    0.0.0.0:10243          IE11Win7:0             LISTENING
  TCP    0.0.0.0:49152          IE11Win7:0             LISTENING
  TCP    0.0.0.0:49153          IE11Win7:0             LISTENING
  TCP    0.0.0.0:49154          IE11Win7:0             LISTENING
  TCP    0.0.0.0:49155          IE11Win7:0             LISTENING
  TCP    0.0.0.0:49157          IE11Win7:0             LISTENING
  TCP    10.0.2.15:139          IE11Win7:0             LISTENING

Z:\bsu\networks\labs\1.1>netstat -a -n -p TCP 

Active Connections

  Proto  Local Address          Foreign Address        State
  TCP    0.0.0.0:135            0.0.0.0:0              LISTENING
  TCP    0.0.0.0:445            0.0.0.0:0              LISTENING
  TCP    0.0.0.0:554            0.0.0.0:0              LISTENING
  TCP    0.0.0.0:2869           0.0.0.0:0              LISTENING
  TCP    0.0.0.0:3389           0.0.0.0:0              LISTENING
  TCP    0.0.0.0:5357           0.0.0.0:0              LISTENING
  TCP    0.0.0.0:10243          0.0.0.0:0              LISTENING
  TCP    0.0.0.0:49152          0.0.0.0:0              LISTENING
  TCP    0.0.0.0:49153          0.0.0.0:0              LISTENING
  TCP    0.0.0.0:49154          0.0.0.0:0              LISTENING
  TCP    0.0.0.0:49155          0.0.0.0:0              LISTENING
  TCP    0.0.0.0:49157          0.0.0.0:0              LISTENING
  TCP    10.0.2.15:139          0.0.0.0:0              LISTENING

Z:\bsu\networks\labs\1.1>netstat -a -s -r 

IPv4 Statistics

  Packets Received                   = 34426
  Received Header Errors             = 0
  Received Address Errors            = 0
  Datagrams Forwarded                = 0
  Unknown Protocols Received         = 0
  Received Packets Discarded         = 9
  Received Packets Delivered         = 34960
  Output Requests                    = 11218
  Routing Discards                   = 0
  Discarded Output Packets           = 0
  Output Packet No Route             = 6
  Reassembly Required                = 0
  Reassembly Successful              = 0
  Reassembly Failures                = 0
  Datagrams Successfully Fragmented  = 0
  Datagrams Failing Fragmentation    = 0
  Fragments Created                  = 0

IPv6 Statistics

  Packets Received                   = 3
  Received Header Errors             = 0
  Received Address Errors            = 0
  Datagrams Forwarded                = 0
  Unknown Protocols Received         = 0
  Received Packets Discarded         = 0
  Received Packets Delivered         = 2326
  Output Requests                    = 2438
  Routing Discards                   = 0
  Discarded Output Packets           = 0
  Output Packet No Route             = 6
  Reassembly Required                = 0
  Reassembly Successful              = 0
  Reassembly Failures                = 0
  Datagrams Successfully Fragmented  = 0
  Datagrams Failing Fragmentation    = 0
  Fragments Created                  = 0

ICMPv4 Statistics

                            Received    Sent
  Messages                  171         233       
  Errors                    0           0         
  Destination Unreachable   0           0         
  Time Exceeded             110         0         
  Parameter Problems        0           0         
  Source Quenches           0           0         
  Redirects                 0           0         
  Echo Replies              57          4         
  Echos                     4           229       
  Timestamps                0           0         
  Timestamp Replies         0           0         
  Address Masks             0           0         
  Address Mask Replies      0           0         
  Router Solicitations      0           0         
  Router Advertisements     0           0         

ICMPv6 Statistics

                            Received    Sent
  Messages                  19          24        
  Errors                    0           0         
  Destination Unreachable   0           0         
  Packet Too Big            0           0         
  Time Exceeded             0           0         
  Parameter Problems        0           0         
  Echos                     8           8         
  Echo Replies              8           8         
  MLD Queries               0           0         
  MLD Reports               0           0         
  MLD Dones                 0           0         
  Router Solicitations      0           6         
  Router Advertisements     3           0         
  Neighbor Solicitations    0           1         
  Neighbor Advertisements   0           1         
  Redirects                 0           0         
  Router Renumberings       0           0         

TCP Statistics for IPv4

  Active Opens                        = 38
  Passive Opens                       = 5
  Failed Connection Attempts          = 1
  Reset Connections                   = 24
  Current Connections                 = 0
  Segments Received                   = 34254
  Segments Sent                       = 10444
  Segments Retransmitted              = 2

TCP Statistics for IPv6

  Active Opens                        = 9
  Passive Opens                       = 9
  Failed Connection Attempts          = 0
  Reset Connections                   = 14
  Current Connections                 = 0
  Segments Received                   = 7964
  Segments Sent                       = 7964
  Segments Retransmitted              = 0

UDP Statistics for IPv4

  Datagrams Re===========================================================================
Interface List
 13...08 00 27 41 b9 55 ......Intel(R) PRO/1000 MT Desktop Adapter
  1...........................Software Loopback Interface 1
 11...00 00 00 00 00 00 00 e0 Microsoft ISATAP Adapter
 14...00 00 00 00 00 00 00 e0 Teredo Tunneling Pseudo-Interface
===========================================================================

IPv4 Route Table
===========================================================================
Active Routes:
Network Destination        Netmask          Gateway       Interface  Metric
          0.0.0.0          0.0.0.0         10.0.2.2        10.0.2.15     10
         10.0.2.0    255.255.255.0         On-link         10.0.2.15    266
        10.0.2.15  255.255.255.255         On-link         10.0.2.15    266
       10.0.2.255  255.255.255.255         On-link         10.0.2.15    266
        127.0.0.0        255.0.0.0         On-link         127.0.0.1    306
        127.0.0.1  255.255.255.255         On-link         127.0.0.1    306
  127.255.255.255  255.255.255.255         On-link         127.0.0.1    306
        224.0.0.0        240.0.0.0         On-link         127.0.0.1    306
        224.0.0.0        240.0.0.0         On-link         10.0.2.15    266
  255.255.255.255  255.255.255.255         On-link         127.0.0.1    306
  255.255.255.255  255.255.255.255         On-link         10.0.2.15    266
===========================================================================
Persistent Routes:
  None

IPv6 Route Table
===========================================================================
Active Routes:
 If Metric Network Destination      Gateway
 14     58 ::/0                     On-link
  1    306 ::1/128                  On-link
 14     58 2001::/32                On-link
 14    306 2001:0:9d38:953c:28db:e03:dad3:97ff/128
                                    On-link
 13    266 fe80::/64                On-link
 14    306 fe80::/64                On-link
 13    266 fe80::1cf7:8f89:89a4:1bbd/128
                                    On-link
 14    306 fe80::28db:e03:dad3:97ff/128
                                    On-link
  1    306 ff00::/8                 On-link
 14    306 ff00::/8                 On-link
 13    266 ff00::/8                 On-link
===========================================================================
Persistent Routes:
  None
ceived    = 447
  No Ports              = 9
  Receive Errors        = 0
  Datagrams Sent        = 645

UDP Statistics for IPv6

  Datagrams Received    = 1560
  No Ports              = 0
  Receive Errors        = 0
  Datagrams Sent        = 2342

Z:\bsu\networks\labs\1.1>net view 
Server Name            Remark

-------------------------------------------------------------------------------
\\IE11WIN7                                                                     
The command completed successfully.


Z:\bsu\networks\labs\1.1>net view \\IE11WIN7 
Shared resources at \\IE11WIN7



Share name  Type  Used as  Comment  

-------------------------------------------------------------------------------
Users       Disk                    
The command completed successfully.


Z:\bsu\networks\labs\1.1>route PRINT 
===========================================================================
Interface List
 13...08 00 27 41 b9 55 ......Intel(R) PRO/1000 MT Desktop Adapter
  1...........................Software Loopback Interface 1
 11...00 00 00 00 00 00 00 e0 Microsoft ISATAP Adapter
 14...00 00 00 00 00 00 00 e0 Teredo Tunneling Pseudo-Interface
===========================================================================

IPv4 Route Table
===========================================================================
Active Routes:
Network Destination        Netmask          Gateway       Interface  Metric
          0.0.0.0          0.0.0.0         10.0.2.2        10.0.2.15     10
         10.0.2.0    255.255.255.0         On-link         10.0.2.15    266
        10.0.2.15  255.255.255.255         On-link         10.0.2.15    266
       10.0.2.255  255.255.255.255         On-link         10.0.2.15    266
        127.0.0.0        255.0.0.0         On-link         127.0.0.1    306
        127.0.0.1  255.255.255.255         On-link         127.0.0.1    306
  127.255.255.255  255.255.255.255         On-link         127.0.0.1    306
        224.0.0.0        240.0.0.0         On-link         127.0.0.1    306
        224.0.0.0        240.0.0.0         On-link         10.0.2.15    266
  255.255.255.255  255.255.255.255         On-link         127.0.0.1    306
  255.255.255.255  255.255.255.255         On-link         10.0.2.15    266
===========================================================================
Persistent Routes:
  None

IPv6 Route Table
===========================================================================
Active Routes:
 If Metric Network Destination      Gateway
 14     58 ::/0                     On-link
  1    306 ::1/128                  On-link
 14     58 2001::/32                On-link
 14    306 2001:0:9d38:953c:28db:e03:dad3:97ff/128
                                    On-link
 13    266 fe80::/64                On-link
 14    306 fe80::/64                On-link
 13    266 fe80::1cf7:8f89:89a4:1bbd/128
                                    On-link
 14    306 fe80::28db:e03:dad3:97ff/128
                                    On-link
  1    306 ff00::/8                 On-link
 14    306 ff00::/8                 On-link
 13    266 ff00::/8                 On-link
===========================================================================
Persistent Routes:
  None
